// Jest Snapshot v1, https://goo.gl/fbAQLP

exports[`PreRequestEditorComponent should render correctly 1`] = `
<app-pre-request-editor>
  <div
    class="request-script-editor"
  >
    <div
      class="request-script-editor__toggle-wrapper spacer--small"
    >
      <label
        nz-checkbox=""
      >
        
      </label>
    </div>
    <app-beta-indicator
      description="This is a complete rewrite of the existing scripting functionality with a focus on security and performance. The  new scripting engine is based on web workers and is completely sandboxed. So direct access to global variables like \`window\` and \`document\` is no longer possible."
      featurekey="newScript"
      title="Script editor v2.0"
    />
    <app-codemirror />
    <small>
      <a
        aria-label="learn more"
        href="https://altairgraphql.dev/docs/features/prerequest-scripts.html"
        target="_blank"
      >
        <app-icon
          name="info"
        />
          
      </a>
    </small>
  </div>
</app-pre-request-editor>
`;
