// Jest Snapshot v1, https://goo.gl/fbAQLP

exports[`PostRequestEditorComponent should render correctly 1`] = `
<app-post-request-editor>
  <div
    class="request-script-editor"
  >
    <div
      class="request-script-editor__toggle-wrapper spacer--small"
    >
      <label
        nz-checkbox=""
      >
        
      </label>
    </div>
    <app-codemirror />
    <small>
      <a
        aria-label="learn more"
        href="https://altair.sirmuel.design/docs/features/prerequest-scripts.html"
        target="_blank"
      >
        <app-icon
          name="info"
        />
          
      </a>
    </small>
  </div>
</app-post-request-editor>
`;
