// Jest Snapshot v1, https://goo.gl/fbAQLP

exports[`HistoryDialogComponent should render correctly 1`] = `
<app-history-dialog>
  <nz-modal
    nzcloseicon="close-circle"
  >
    
    
    
    
    
    
  </nz-modal>
</app-history-dialog>
`;
