// Jest Snapshot v1, https://goo.gl/fbAQLP

exports[`utils vttToJsonSchema converts variabltToType to a JSONSchema7 object 1`] = `
{
  "properties": {
    "myvar": {
      "description": undefined,
      "properties": {
        "age": {
          "anyOf": [
            {
              "default": undefined,
              "description": "The \`Int\` scalar type represents non-fractional signed whole numeric values. Int can represent values between -(2^31) and 2^31 - 1.",
              "type": "integer",
            },
            {
              "type": "null",
            },
          ],
        },
        "allergies": {
          "default": [],
          "description": "The \`String\` scalar type represents textual data, represented as UTF-8 character sequences. The String type is most often used by GraphQL to represent free-form human-readable text.",
          "items": {
            "anyOf": [
              {
                "default": undefined,
                "description": "The \`String\` scalar type represents textual data, represented as UTF-8 character sequences. The String type is most often used by GraphQL to represent free-form human-readable text.",
                "type": "string",
              },
              {
                "type": "null",
              },
            ],
          },
          "type": "array",
        },
        "bestFriend": {
          "description": undefined,
          "properties": {
            "age": {
              "anyOf": [
                {
                  "default": 0,
                  "description": "The \`Int\` scalar type represents non-fractional signed whole numeric values. Int can represent values between -(2^31) and 2^31 - 1.",
                  "type": "integer",
                },
                {
                  "type": "null",
                },
              ],
            },
            "name": {
              "anyOf": [
                {
                  "default": undefined,
                  "description": "The \`String\` scalar type represents textual data, represented as UTF-8 character sequences. The String type is most often used by GraphQL to represent free-form human-readable text.",
                  "type": "string",
                },
                {
                  "type": "null",
                },
              ],
            },
          },
          "type": "object",
        },
        "customScalar": {
          "anyOf": [
            {
              "description": undefined,
              "type": "string",
            },
            {
              "type": "null",
            },
          ],
        },
        "favoriteColor": {
          "anyOf": [
            {
              "description": "The color of blood",
              "enum": [
                "red",
              ],
            },
            {
              "description": "The color of grass",
              "enum": [
                "green",
              ],
            },
            {
              "description": "The color of the sky",
              "enum": [
                "blue",
              ],
            },
          ],
          "default": undefined,
          "description": undefined,
          "type": "string",
        },
        "friends": {
          "anyOf": [
            {
              "default": [],
              "description": "The \`String\` scalar type represents textual data, represented as UTF-8 character sequences. The String type is most often used by GraphQL to represent free-form human-readable text.",
              "items": {
                "anyOf": [
                  {
                    "default": undefined,
                    "description": "The \`String\` scalar type represents textual data, represented as UTF-8 character sequences. The String type is most often used by GraphQL to represent free-form human-readable text.",
                    "type": "string",
                  },
                  {
                    "type": "null",
                  },
                ],
              },
              "type": "array",
            },
            {
              "type": "null",
            },
          ],
        },
        "height": {
          "anyOf": [
            {
              "default": 1.75,
              "description": "The \`Float\` scalar type represents signed double-precision fractional values as specified by [IEEE 754](https://en.wikipedia.org/wiki/IEEE_floating_point).",
              "type": "number",
            },
            {
              "type": "null",
            },
          ],
        },
        "id": {
          "default": undefined,
          "description": "The \`ID\` scalar type represents a unique identifier, often used to refetch an object or as key for a cache. The ID type appears in a JSON response as a String; however, it is not intended to be human-readable. When expected as an input type, any string (such as \`"4"\`) or integer (such as \`4\`) input value will be accepted as an ID.",
          "type": "string",
        },
        "isHuman": {
          "anyOf": [
            {
              "default": undefined,
              "description": "The \`Boolean\` scalar type represents \`true\` or \`false\`.",
              "type": "boolean",
            },
            {
              "type": "null",
            },
          ],
        },
        "location": {
          "default": "Earth",
          "description": "The \`String\` scalar type represents textual data, represented as UTF-8 character sequences. The String type is most often used by GraphQL to represent free-form human-readable text.",
          "type": "string",
        },
        "name": {
          "anyOf": [
            {
              "default": undefined,
              "description": "The \`String\` scalar type represents textual data, represented as UTF-8 character sequences. The String type is most often used by GraphQL to represent free-form human-readable text.",
              "type": "string",
            },
            {
              "type": "null",
            },
          ],
        },
      },
      "type": "object",
    },
  },
  "type": "object",
}
`;
