// Jest Snapshot v1, https://goo.gl/fbAQLP

exports[`VariablesEditorComponent should render correctly 1`] = `
<app-variables-editor>
  
  <ngx-codemirror
    class="set-variable-textarea mousetrap"
  />
  
</app-variables-editor>
`;
