// Jest Snapshot v1, https://goo.gl/fbAQLP

exports[`ImportCurlDialogComponent should render correctly 1`] = `
<app-import-curl-dialog>
  <nz-modal
    nzcloseicon="close-circle"
  >
    
    
    
    
    
    
  </nz-modal>
</app-import-curl-dialog>
`;
