// Jest Snapshot v1, https://goo.gl/fbAQLP

exports[`AccountDialogComponent should create 1`] = `
<app-account-dialog>
  <app-dialog>
    <div
      class="account-signin-wrapper"
    >
      <p>
        Sign in to manage your teams, synced collections and queries.
      </p>
      <button
        class="btn btn--primary"
      >
         SIGNIN_WITH_GOOGLE 
      </button>
      
      
    </div>
  </app-dialog>
</app-account-dialog>
`;
