// Jest Snapshot v1, https://goo.gl/fbAQLP

exports[`EditCollectionDialogComponent should render correctly 1`] = `
<app-edit-collection-dialog>
  <nz-modal />
  
</app-edit-collection-dialog>
`;
