// Jest Snapshot v1, https://goo.gl/fbAQLP

exports[`DialogComponent should render correctly 1`] = `
<app-dialog>
  <nz-modal
    nzcloseicon="close-circle"
  >
    
    
    
    
    
    
  </nz-modal>
</app-dialog>
`;
